// DO NOT CHANGE THIS FILE MANUALLY!
package de.arthurpicht.barnacleGeneratorTest.tg_02.tc_02.persistence.vo;

import de.arthurpicht.barnacleGeneratorTest.tg_02.tc_02.persistence.vof.UserCompositeVOF;

public class UserCompositePK extends UserCompositeVOF {
	
	public static final String ID1 = "id1";
	public static final String ID2 = "id2";
	
	public UserCompositePK(String id1, String id2) {
		this.id1=id1;
		this.id2=id2;
	}
	
	public String getId1() {
		return this.id1;
	}
	
	public void setId1(String id1) {
		this.id1=id1;
	}
	
	public String getId2() {
		return this.id2;
	}
	
	public void setId2(String id2) {
		this.id2=id2;
	}
	
	public String toString() {
		return "de.arthurpicht.barnacleGeneratorTest.tg_02.tc_02.persistence.vo.UserCompositePK["
			+ "id1=" + this.id1 + "; "
			+ "id2=" + this.id2
			+ "]";
	}
	
	public boolean equals(Object o) {
		if (o == null) return false;
		if (o == this) return true;
		if (o.getClass() != this.getClass()) return false;
		UserCompositePK other = (UserCompositePK) o;
		if (this.id1 == null) {
			if (other.getId1() != null) return false;
		} else {
			if (!this.id1.equals(other.getId1())) return false;
		}
		if (this.id2 == null) {
			if (other.getId2() != null) return false;
		} else {
			if (!this.id2.equals(other.getId2())) return false;
		}
		return true;
	}
	
}
