// DO NOT CHANGE THIS FILE MANUALLY!
package de.arthurpicht.barnacleGeneratorTest.tg_01.tc_09.persistence.vo;

import de.arthurpicht.barnacleGeneratorTest.tg_01.tc_09.persistence.vof.EntitySerializableVOF;
import java.io.Serializable;

public class EntitySerializableVO extends EntitySerializableVOF implements Serializable {
	
	private static final long serialVersionUID = 42L;
	
	public static final String TABLENAME = "entityserializable";
	public static final String ID = "id";
	public static final String FIRSTNAME = "first_name";
	public static final String LASTNAME = "last_name";
	
	public EntitySerializableVO(String id) {
		this.id=id;
	}
	
	public String getId() {
		return this.id;
	}
	
	public void setId(String id) {
		this.id=id;
	}
	
	public String getFirstName() {
		return this.firstName;
	}
	
	public void setFirstName(String firstName) {
		this.firstName=firstName;
	}
	
	public String getLastName() {
		return this.lastName;
	}
	
	public void setLastName(String lastName) {
		this.lastName=lastName;
	}
	
	public String toString() {
		return "de.arthurpicht.barnacleGeneratorTest.tg_01.tc_09.persistence.vo.EntitySerializableVO["
			+ "id=" + this.id + "; "
			+ "firstName=" + this.firstName + "; "
			+ "lastName=" + this.lastName
			+ "]";
	}
	
	public boolean equals(Object o) {
		if (o == null) return false;
		if (o == this) return true;
		if (o.getClass() != this.getClass()) return false;
		EntitySerializableVO other = (EntitySerializableVO) o;
		if (this.id == null) {
			if (other.getId() != null) return false;
		} else {
			if (!this.id.equals(other.getId())) return false;
		}
		if (this.firstName == null) {
			if (other.getFirstName() != null) return false;
		} else {
			if (!this.firstName.equals(other.getFirstName())) return false;
		}
		if (this.lastName == null) {
			if (other.getLastName() != null) return false;
		} else {
			if (!this.lastName.equals(other.getLastName())) return false;
		}
		return true;
	}
	
}
